[2026-07-01 09:06:18] [INFO] 识别到 clash 订阅：https://nodebuf.com/files/public/cmr1b773y07remh5wgtbdtxq9/preview
[2026-07-01 09:06:18] [INFO] 识别到 v2ray 订阅：https://nodebuf.com/files/public/cmr1b773w07rcmh5weznvovvu/preview
[2026-07-01 09:06:18] [INFO] 更新成功：['v2ray: 200', 'clash: 200']
[2026-07-01 21:04:34] [INFO] 识别到 clash 订阅：https://nodebuf.com/files/public/cmr20xdna0dztmh5w2zuu9bzi/preview
[2026-07-01 21:04:35] [INFO] 识别到 v2ray 订阅：https://nodebuf.com/files/public/cmr20xdn90dzrmh5wblf4r7d4/preview
[2026-07-01 21:04:35] [INFO] 更新成功：['v2ray: 200', 'clash: 200']
[2026-07-02 09:01:51] [INFO] 识别到 clash 订阅：https://nodebuf.com/files/public/cmr2qndul0klomh5wjbg0uvkw/preview
[2026-07-02 09:01:51] [INFO] 识别到 v2ray 订阅：https://nodebuf.com/files/public/cmr2qndu30klnmh5womti8y3r/preview
[2026-07-02 09:01:51] [INFO] 更新成功：['v2ray: 200', 'clash: 200']
[2026-07-02 20:45:23] [INFO] 识别到 clash 订阅：https://nodebuf.com/files/public/cmr3gdjdx0scsmh5wc23sfwef/preview
[2026-07-02 20:45:23] [INFO] 识别到 v2ray 订阅：https://nodebuf.com/files/public/cmr3gdjdu0scqmh5w86mji3xi/preview
[2026-07-02 20:45:23] [INFO] 更新成功：['v2ray: 200', 'clash: 200']
[2026-07-03 08:49:27] [INFO] 识别到 clash 订阅：https://nodebuf.com/files/public/cmr463m5g0zb9mh5wfl9r769p/preview
[2026-07-03 08:49:28] [INFO] 识别到 v2ray 订阅：https://nodebuf.com/files/public/cmr463m5f0zb8mh5waubgk1cm/preview
[2026-07-03 08:49:28] [INFO] 更新成功：['v2ray: 200', 'clash: 200']
[2026-07-03 20:44:37] [INFO] 识别到 clash 订阅：https://nodebuf.com/files/public/cmr4vtd4q01sqao5wphsq60km/preview
[2026-07-03 20:44:37] [INFO] 识别到 v2ray 订阅：https://nodebuf.com/files/public/cmr4vtd4p01spao5wyns4mh3i/preview
[2026-07-03 20:44:37] [INFO] 更新成功：['v2ray: 200', 'clash: 200']
[2026-07-04 08:47:58] [INFO] 识别到 clash 订阅：https://nodebuf.com/files/public/cmr5ljdxm09bzao5wi33cetu6/preview
[2026-07-04 08:47:58] [INFO] 识别到 v2ray 订阅：https://nodebuf.com/files/public/cmr5ljdxl09byao5wtb5ekz1d/preview
[2026-07-04 08:47:58] [INFO] 更新成功：['v2ray: 200', 'clash: 200']
[2026-07-04 20:31:00] [INFO] 识别到 clash 订阅：https://nodebuf.com/files/public/cmr6b9hxn0hk3ao5wyo55ttjs/preview
[2026-07-04 20:31:00] [INFO] 识别到 v2ray 订阅：https://nodebuf.com/files/public/cmr6b9hxm0hk2ao5wosl2m86g/preview
[2026-07-04 20:31:00] [INFO] 更新成功：['v2ray: 200', 'clash: 200']
[2026-07-05 08:52:28] [INFO] 识别到 clash 订阅：https://nodebuf.com/files/public/cmr70zili0p50ao5w5jhdqzs0/preview
[2026-07-05 08:52:28] [INFO] 识别到 v2ray 订阅：https://nodebuf.com/files/public/cmr70zilf0p4yao5wc934sq9s/preview
[2026-07-05 08:52:28] [INFO] 更新成功：['v2ray: 200', 'clash: 200']
[2026-07-05 20:34:14] [INFO] 识别到 clash 订阅：https://nodebuf.com/files/public/cmr7qonre10qhao5was5gk3u2/preview
[2026-07-05 20:34:14] [INFO] 识别到 v2ray 订阅：https://nodebuf.com/files/public/cmr7qonrd10qgao5wta4pchh1/preview
[2026-07-05 20:34:14] [INFO] 更新成功：['v2ray: 200', 'clash: 200']
[2026-07-06 08:52:55] [INFO] 识别到 clash 订阅：https://nodebuf.com/files/public/cmr8gephx1972ao5wi2astx6z/preview
[2026-07-06 08:52:55] [INFO] 识别到 v2ray 订阅：https://nodebuf.com/files/public/cmr8gephs1971ao5w7uvn04lf/preview
[2026-07-06 08:52:55] [INFO] 更新成功：['v2ray: 200', 'clash: 200']
[2026-07-06 21:21:38] [INFO] 识别到 clash 订阅：https://nodebuf.com/files/public/cmr965ear1gkgao5wr4e8sprk/preview
[2026-07-06 21:21:39] [INFO] 识别到 v2ray 订阅：https://nodebuf.com/files/public/cmr965eat1gkiao5wciml6yez/preview
[2026-07-06 21:21:39] [INFO] 更新成功：['v2ray: 200', 'clash: 200']
[2026-07-07 08:51:34] [INFO] 识别到 clash 订阅：https://nodebuf.com/files/public/cmr9vu5zr1nmoao5wrww2pu05/preview
[2026-07-07 08:51:34] [INFO] 识别到 v2ray 订阅：https://nodebuf.com/files/public/cmr9vu5zp1nmnao5wiofv22sz/preview
[2026-07-07 08:51:34] [INFO] 更新成功：['v2ray: 200', 'clash: 200']
[2026-07-07 20:55:17] [INFO] 识别到 clash 订阅：https://nodebuf.com/files/public/cmralkipd1wxpao5w99x0dq96/preview
[2026-07-07 20:55:18] [INFO] 识别到 v2ray 订阅：https://nodebuf.com/files/public/cmralkipc1wxoao5wodeas2ps/preview
[2026-07-07 20:55:18] [INFO] 更新成功：['v2ray: 200', 'clash: 200']
[2026-07-08 08:43:10] [INFO] 识别到 clash 订阅：https://nodebuf.com/files/public/cmrbbarsi2528ao5wrwku7j83/preview
[2026-07-08 08:43:11] [INFO] 识别到 v2ray 订阅：https://nodebuf.com/files/public/cmrbbarsj252aao5wn9013yxj/preview
[2026-07-08 08:43:11] [INFO] 更新成功：['v2ray: 200', 'clash: 200']
[2026-07-08 20:40:19] [INFO] 识别到 clash 订阅：https://nodebuf.com/files/public/cmrc10rdm2e47ao5wedf65lkq/preview
[2026-07-08 20:40:19] [INFO] 识别到 v2ray 订阅：https://nodebuf.com/files/public/cmrc10rdo2e49ao5wcar6p03p/preview
[2026-07-08 20:40:19] [INFO] 更新成功：['v2ray: 200', 'clash: 200']
[2026-07-09 08:48:00] [INFO] 识别到 clash 订阅：https://nodebuf.com/files/public/cmrcqqr5k2ly4ao5wdzfrjybd/preview
[2026-07-09 08:48:00] [INFO] 识别到 v2ray 订阅：https://nodebuf.com/files/public/cmrcqqr5j2ly3ao5wrgycqc6u/preview
[2026-07-09 08:48:00] [INFO] 更新成功：['v2ray: 200', 'clash: 200']
[2026-07-09 21:07:35] [INFO] 识别到 clash 订阅：https://nodebuf.com/files/public/cmrdgfr7b04g4pi5wnlcyv7je/preview
[2026-07-09 21:07:35] [INFO] 识别到 v2ray 订阅：https://nodebuf.com/files/public/cmrdgfr7a04g3pi5woq44qfv6/preview
[2026-07-09 21:07:35] [INFO] 更新成功：['v2ray: 200', 'clash: 200']
[2026-07-10 08:47:48] [INFO] 识别到 clash 订阅：https://nodebuf.com/files/public/cmre65sp50df3pi5w7o55v7v9/preview
[2026-07-10 08:47:49] [INFO] 识别到 v2ray 订阅：https://nodebuf.com/files/public/cmre65sp00df2pi5wyfn0erw7/preview
[2026-07-10 08:47:49] [INFO] 更新成功：['v2ray: 200', 'clash: 200']
[2026-07-10 20:50:36] [INFO] 识别到 clash 订阅：https://nodebuf.com/files/public/cmrevvuap0obtpi5w32lf0qlv/preview
[2026-07-10 20:50:36] [INFO] 识别到 v2ray 订阅：https://nodebuf.com/files/public/cmrevvuan0obspi5wuxa5l5q1/preview
[2026-07-10 20:50:36] [INFO] 更新成功：['v2ray: 200', 'clash: 200']
[2026-07-11 08:41:13] [INFO] 识别到 clash 订阅：https://nodebuf.com/files/public/cmrflm4tr0xmmpi5wiyi41nb6/preview
[2026-07-11 08:41:13] [INFO] 识别到 v2ray 订阅：https://nodebuf.com/files/public/cmrflm4tn0xmlpi5w68j7woiv/preview
[2026-07-11 08:41:13] [INFO] 更新成功：['v2ray: 200', 'clash: 200']
[2026-07-11 20:23:58] [INFO] 识别到 clash 订阅：https://nodebuf.com/files/public/cmrgbc7uw16tqpi5wlwzjk4ft/preview
[2026-07-11 20:24:01] [INFO] 识别到 v2ray 订阅：https://nodebuf.com/files/public/cmrgbc7uu16topi5wj116et38/preview
[2026-07-11 20:24:01] [INFO] 更新成功：['v2ray: 200', 'clash: 200']
[2026-07-12 08:46:51] [INFO] 识别到 clash 订阅：https://nodebuf.com/files/public/cmrh12g6f1fs2pi5wjya3y4lt/preview
[2026-07-12 08:46:52] [INFO] 识别到 v2ray 订阅：https://nodebuf.com/files/public/cmrh12g6e1fs1pi5wkhkhhb2f/preview
[2026-07-12 08:46:52] [INFO] 更新成功：['v2ray: 200', 'clash: 200']
[2026-07-12 20:23:38] [INFO] 识别到 clash 订阅：https://nodebuf.com/files/public/cmrhqrd471qiepi5wtut1qwnr/preview
[2026-07-12 20:23:38] [INFO] 识别到 v2ray 订阅：https://nodebuf.com/files/public/cmrhqrd451qicpi5wn58lgzyj/preview
[2026-07-12 20:23:38] [INFO] 更新成功：['v2ray: 200', 'clash: 200']
[2026-07-13 08:45:26] [INFO] 识别到 clash 订阅：https://nodebuf.com/files/public/cmrighkzd1z1opi5wztwp9uwl/preview
[2026-07-13 08:45:27] [INFO] 识别到 v2ray 订阅：https://nodebuf.com/files/public/cmrighkza1z1npi5wef9o5ogd/preview
[2026-07-13 08:45:27] [INFO] 更新成功：['v2ray: 200', 'clash: 200']
[2026-07-13 20:54:31] [INFO] 识别到 clash 订阅：https://nodebuf.com/files/public/cmrj67pw528bzpi5w8cxxxwmk/preview
[2026-07-13 20:54:31] [INFO] 识别到 v2ray 订阅：https://nodebuf.com/files/public/cmrj67pw628c0pi5w2mys3tun/preview
[2026-07-13 20:54:31] [INFO] 更新成功：['v2ray: 200', 'clash: 200']
[2026-07-14 08:39:28] [INFO] 识别到 clash 订阅：https://nodebuf.com/files/public/cmrjvxsnd2g8bpi5wuky282o2/preview
[2026-07-14 08:39:28] [INFO] 识别到 v2ray 订阅：https://nodebuf.com/files/public/cmrjvxsnc2g8api5w5n6loib8/preview
[2026-07-14 08:39:28] [INFO] 更新成功：['v2ray: 200', 'clash: 200']
[2026-07-14 20:33:14] [INFO] 识别到 clash 订阅：https://nodebuf.com/files/public/cmrklnveq2pyjpi5wskxta3e1/preview
[2026-07-14 20:33:14] [INFO] 识别到 v2ray 订阅：https://nodebuf.com/files/public/cmrklnvep2pyipi5wxsorn59f/preview
[2026-07-14 20:33:14] [INFO] 更新成功：['v2ray: 200', 'clash: 200']
[2026-07-15 08:37:15] [INFO] 识别到 clash 订阅：https://nodebuf.com/files/public/cmrlbd67x2zz7pi5wlhy94jz2/preview
[2026-07-15 08:37:16] [INFO] 识别到 v2ray 订阅：https://nodebuf.com/files/public/cmrlbd67v2zz6pi5w50misg2j/preview
[2026-07-15 08:37:16] [INFO] 更新成功：['v2ray: 200', 'clash: 200']
[2026-07-15 20:34:40] [INFO] 识别到 clash 订阅：https://nodebuf.com/files/public/cmrm13jkx3b8gpi5wgtzqhuqp/preview
[2026-07-15 20:34:40] [INFO] 识别到 v2ray 订阅：https://nodebuf.com/files/public/cmrm13jkc3b8dpi5wygzfts9e/preview
[2026-07-15 20:34:41] [INFO] 更新成功：['v2ray: 200', 'clash: 200']
[2026-07-16 08:40:39] [INFO] 识别到 clash 订阅：https://nodebuf.com/files/public/cmrmqtpa03khipi5w4qqxt0wt/preview
[2026-07-16 08:40:39] [INFO] 识别到 v2ray 订阅：https://nodebuf.com/files/public/cmrmqtp9w3khhpi5wk4203w8w/preview
[2026-07-16 08:40:39] [INFO] 更新成功：['v2ray: 200', 'clash: 200']
[2026-07-16 20:39:18] [INFO] 识别到 clash 订阅：https://nodebuf.com/files/public/cmrngjrmh3vsrpi5w224dr55v/preview
[2026-07-16 20:39:18] [INFO] 识别到 v2ray 订阅：https://nodebuf.com/files/public/cmrngjrmf3vsqpi5wnuuvr1h2/preview
[2026-07-16 20:39:18] [INFO] 更新成功：['v2ray: 200', 'clash: 200']
[2026-07-17 08:43:05] [INFO] 识别到 clash 订阅：https://nodebuf.com/files/public/cmro69vnp45jjpi5wdq1yegje/preview
[2026-07-17 08:43:05] [INFO] 识别到 v2ray 订阅：https://nodebuf.com/files/public/cmro69vnr45jlpi5w62fkrxtv/preview
[2026-07-17 08:43:05] [INFO] 更新成功：['v2ray: 200', 'clash: 200']
[2026-07-17 20:31:58] [INFO] 识别到 clash 订阅：https://nodebuf.com/files/public/cmrovyrbv4fzdpi5w9rqltp3b/preview
[2026-07-17 20:31:58] [INFO] 识别到 v2ray 订阅：https://nodebuf.com/files/public/cmrovyrbw4fzepi5w2zx8dd8s/preview
[2026-07-17 20:31:58] [INFO] 更新成功：['v2ray: 200', 'clash: 200']
[2026-07-18 08:39:55] [INFO] 识别到 clash 订阅：https://nodebuf.com/files/public/cmrplp0v84oohpi5wvy6fnuqx/preview
[2026-07-18 08:39:55] [INFO] 识别到 v2ray 订阅：https://nodebuf.com/files/public/cmrplp0vb4oojpi5whbwfjbv6/preview
[2026-07-18 08:39:55] [INFO] 更新成功：['v2ray: 200', 'clash: 200']
[2026-07-18 20:22:47] [INFO] 识别到 clash 订阅：https://nodebuf.com/files/public/cmrqbf3494y1kpi5wnew2wbf7/preview
[2026-07-18 20:22:47] [INFO] 识别到 v2ray 订阅：https://nodebuf.com/files/public/cmrqbf33i4y1ipi5w1npcd618/preview
[2026-07-18 20:22:47] [INFO] 更新成功：['v2ray: 200', 'clash: 200']
[2026-07-19 08:44:17] [INFO] 识别到 clash 订阅：https://nodebuf.com/files/public/cmrr15424573zpi5wl818r13q/preview
[2026-07-19 08:44:17] [INFO] 识别到 v2ray 订阅：https://nodebuf.com/files/public/cmrr15422573ypi5wxwiwxq2s/preview
[2026-07-19 08:44:17] [INFO] 更新成功：['v2ray: 200', 'clash: 200']
[2026-07-19 20:23:20] [INFO] 识别到 clash 订阅：https://nodebuf.com/files/public/cmrrqv71u5gy2pi5way2v5vz7/preview
[2026-07-19 20:23:20] [INFO] 识别到 v2ray 订阅：https://nodebuf.com/files/public/cmrrqv71v5gy4pi5wm6n5tmyd/preview
[2026-07-19 20:23:20] [INFO] 更新成功：['v2ray: 200', 'clash: 200']
[2026-07-20 10:58:31] [INFO] 识别到 clash 订阅：https://nodebuf.com/files/public/cmrsgk8h35qcipi5wypfizrsh/preview
[2026-07-20 10:58:31] [INFO] 识别到 v2ray 订阅：https://nodebuf.com/files/public/cmrsgk8gm5qchpi5wa8aj3m25/preview
[2026-07-20 10:58:31] [INFO] 更新成功：['v2ray: 200', 'clash: 200']
[2026-07-20 20:48:42] [INFO] 识别到 clash 订阅：https://nodebuf.com/files/public/cmrt6a4ws044vbu5wmxf23uxn/preview
[2026-07-20 20:48:43] [INFO] 识别到 v2ray 订阅：https://nodebuf.com/files/public/cmrt6a4wr044ubu5wcjux756v/preview
[2026-07-20 20:48:43] [INFO] 更新成功：['v2ray: 200', 'clash: 200']
[2026-07-21 08:42:39] [INFO] 识别到 clash 订阅：https://nodebuf.com/files/public/cmrtw04zw0cwabu5w2odlkcs9/preview
[2026-07-21 08:42:39] [INFO] 识别到 v2ray 订阅：https://nodebuf.com/files/public/cmrtw04zz0cwbbu5w5qh2aujt/preview
[2026-07-21 08:42:39] [INFO] 更新成功：['v2ray: 200', 'clash: 200']
[2026-07-21 20:36:51] [INFO] 识别到 clash 订阅：https://nodebuf.com/files/public/cmrulq9dj0nbrbu5wxar7gjmh/preview
[2026-07-21 20:36:51] [INFO] 识别到 v2ray 订阅：https://nodebuf.com/files/public/cmrulq9dn0nbtbu5wpw4ed5a6/preview
[2026-07-21 20:36:51] [INFO] 更新成功：['v2ray: 200', 'clash: 200']
[2026-07-22 08:41:33] [INFO] 识别到 clash 订阅：https://nodebuf.com/files/public/cmrvbgik30wxrbu5ws75ran0f/preview
[2026-07-22 08:41:34] [INFO] 识别到 v2ray 订阅：https://nodebuf.com/files/public/cmrvbgik40wxtbu5wdqkx7zj2/preview
[2026-07-22 08:41:34] [INFO] 更新成功：['v2ray: 200', 'clash: 200']
[2026-07-22 20:38:16] [INFO] 识别到 clash 订阅：https://nodebuf.com/files/public/cmrw16qcw1626bu5w24u0xoz5/preview
[2026-07-22 20:38:17] [INFO] 识别到 v2ray 订阅：https://nodebuf.com/files/public/cmrw16qcw1625bu5w52sxaf0d/preview
[2026-07-22 20:38:17] [INFO] 更新成功：['v2ray: 200', 'clash: 200']
[2026-07-23 08:43:56] [INFO] 识别到 clash 订阅：https://nodebuf.com/files/public/cmrwqww3o08a2vi5wf6f8cn7n/preview
[2026-07-23 08:43:56] [INFO] 识别到 v2ray 订阅：https://nodebuf.com/files/public/cmrwqww3m08a1vi5wyblphch6/preview
[2026-07-23 08:43:56] [INFO] 更新成功：['v2ray: 200', 'clash: 200']
[2026-07-23 20:38:36] [INFO] 识别到 clash 订阅：https://nodebuf.com/files/public/cmrxgmwfe0j2zvi5wnqx828hs/preview
[2026-07-23 20:38:36] [INFO] 识别到 v2ray 订阅：https://nodebuf.com/files/public/cmrxgmwfd0j2yvi5wenk3818b/preview
[2026-07-23 20:38:36] [INFO] 更新成功：['v2ray: 200', 'clash: 200']
[2026-07-24 08:40:32] [INFO] 识别到 clash 订阅：https://nodebuf.com/files/public/cmry6bo520s2nvi5woivw8seu/preview
[2026-07-24 08:40:32] [INFO] 识别到 v2ray 订阅：https://nodebuf.com/files/public/cmry6bo500s2lvi5wewbrfctz/preview
[2026-07-24 08:40:32] [INFO] 更新成功：['v2ray: 200', 'clash: 200']
[2026-07-24 20:36:41] [INFO] 识别到 clash 订阅：https://nodebuf.com/files/public/cmryw1skw1143vi5w5wnr2gqo/preview
[2026-07-24 20:36:41] [INFO] 识别到 v2ray 订阅：https://nodebuf.com/files/public/cmryw1skz1144vi5w9m6yodil/preview
[2026-07-24 20:36:41] [INFO] 更新成功：['v2ray: 200', 'clash: 200']
[2026-07-25 08:44:03] [INFO] 识别到 clash 订阅：https://nodebuf.com/files/public/cmrzlrxjn197evi5wa1rzbkve/preview
[2026-07-25 08:44:03] [INFO] 识别到 v2ray 订阅：https://nodebuf.com/files/public/cmrzlrxjm197dvi5w15c96umk/preview
[2026-07-25 08:44:03] [INFO] 更新成功：['v2ray: 200', 'clash: 200']
[2026-07-25 20:25:30] [INFO] 识别到 clash 订阅：https://nodebuf.com/files/public/cms0bhzpj1hslvi5wgpoq2cte/preview
[2026-07-25 20:25:30] [INFO] 识别到 v2ray 订阅：https://nodebuf.com/files/public/cms0bhzph1hsjvi5w1z6jlykz/preview
[2026-07-25 20:25:30] [INFO] 更新成功：['v2ray: 200', 'clash: 200']
[2026-07-26 08:47:16] [INFO] 识别到 clash 订阅：https://nodebuf.com/files/public/cms117zr11qvivi5wqug52cb3/preview
[2026-07-26 08:47:16] [INFO] 识别到 v2ray 订阅：https://nodebuf.com/files/public/cms117zrg1qvjvi5wxwvtgdyp/preview
[2026-07-26 08:47:16] [INFO] 更新成功：['v2ray: 200', 'clash: 200']
[2026-07-26 20:29:02] [INFO] 识别到 clash 订阅：https://nodebuf.com/files/public/cms1qy3rw20suvi5wma5x7qdn/preview
[2026-07-26 20:29:02] [INFO] 识别到 v2ray 订阅：https://nodebuf.com/files/public/cms1qy3rs20stvi5w7mt1b3u7/preview
[2026-07-26 20:29:02] [INFO] 更新成功：['v2ray: 200', 'clash: 200']
[2026-07-27 08:46:50] [INFO] 识别到 clash 订阅：https://nodebuf.com/files/public/cms2go4il29oavi5wklwkm16m/preview
[2026-07-27 08:46:50] [INFO] 识别到 v2ray 订阅：https://nodebuf.com/files/public/cms2go4in29ocvi5w8y1dmixm/preview
[2026-07-27 08:46:50] [INFO] 更新成功：['v2ray: 200', 'clash: 200']
[2026-07-27 21:09:20] [INFO] 识别到 clash 订阅：https://nodebuf.com/files/public/cms36e7nv2ivyvi5w64gqhha5/preview
[2026-07-27 21:09:20] [INFO] 识别到 v2ray 订阅：https://nodebuf.com/files/public/cms36e7nt2ivxvi5wg5r3qwve/preview
[2026-07-27 21:09:20] [INFO] 更新成功：['v2ray: 200', 'clash: 200']
[2026-07-28 08:41:33] [INFO] 识别到 clash 订阅：https://nodebuf.com/files/public/cms3w33612rl4vi5w5068owoi/preview
[2026-07-28 08:41:33] [INFO] 识别到 v2ray 订阅：https://nodebuf.com/files/public/cms3w335z2rl3vi5wyapjjv0n/preview
[2026-07-28 08:41:33] [INFO] 更新成功：['v2ray: 200', 'clash: 200']
[2026-07-28 20:42:41] [INFO] 识别到 clash 订阅：https://nodebuf.com/files/public/cms4lt40i318ivi5wtzz1p8h6/preview
[2026-07-28 20:42:41] [INFO] 识别到 v2ray 订阅：https://nodebuf.com/files/public/cms4lt40h318hvi5wzq49e1gk/preview
[2026-07-28 20:42:41] [INFO] 更新成功：['v2ray: 200', 'clash: 200']
[2026-07-29 08:40:27] [INFO] 识别到 clash 订阅：https://nodebuf.com/files/public/cms5bj3fw3b8cvi5w4ir2u382/preview
[2026-07-29 08:40:27] [INFO] 识别到 v2ray 订阅：https://nodebuf.com/files/public/cms5bj3fu3b8bvi5w3h0ueq2s/preview
[2026-07-29 08:40:27] [INFO] 更新成功：['v2ray: 200', 'clash: 200']
[2026-07-29 20:46:44] [INFO] 识别到 clash 订阅：https://nodebuf.com/files/public/cms619gl90253qb5ws06wk2eh/preview
[2026-07-29 20:46:44] [INFO] 识别到 v2ray 订阅：https://nodebuf.com/files/public/cms619gla0254qb5wc0p5rp4p/preview
[2026-07-29 20:46:44] [INFO] 更新成功：['v2ray: 200', 'clash: 200']
[2026-07-30 08:39:36] [INFO] 识别到 clash 订阅：https://nodebuf.com/files/public/cms6qzg100ar2qb5wgzaq347k/preview
[2026-07-30 08:39:36] [INFO] 识别到 v2ray 订阅：https://nodebuf.com/files/public/cms6qzg0z0ar1qb5wzab7zk70/preview
[2026-07-30 08:39:36] [INFO] 更新成功：['v2ray: 200', 'clash: 200']
[2026-07-30 20:39:56] [INFO] 识别到 clash 订阅：https://nodebuf.com/files/public/cms7golta08k5k05wsdihn8u0/preview
[2026-07-30 20:39:56] [INFO] 识别到 v2ray 订阅：https://nodebuf.com/files/public/cms7golt908k4k05wjbejdxw5/preview
[2026-07-30 20:39:56] [INFO] 更新成功：['v2ray: 200', 'clash: 200']
[2026-07-31 08:44:44] [INFO] 识别到 clash 订阅：https://nodebuf.com/files/public/cms86eo7y0g9ek05w7gkl60x7/preview
[2026-07-31 08:44:44] [INFO] 识别到 v2ray 订阅：https://nodebuf.com/files/public/cms86eo7r0g9dk05w2gfg7ws3/preview
[2026-07-31 08:44:44] [INFO] 更新成功：['v2ray: 200', 'clash: 200']
[2026-07-31 20:43:32] [INFO] 识别到 clash 订阅：https://nodebuf.com/files/public/cms8w55qe04ouwt5w3dr21wm8/preview
[2026-07-31 20:43:32] [INFO] 识别到 v2ray 订阅：https://nodebuf.com/files/public/cms8w55qe04otwt5waj9z7n79/preview
[2026-07-31 20:43:32] [INFO] 更新成功：['v2ray: 200', 'clash: 200']
