[2026-08-01 08:44:46] [INFO] 识别到 clash 订阅：https://nodebuf.com/files/public/cms9lv6na0dh8wt5wcdfrp776/preview
[2026-08-01 08:44:46] [INFO] 识别到 v2ray 订阅：https://nodebuf.com/files/public/cms9lv6n80dh7wt5w6a06z4hl/preview
[2026-08-01 08:44:46] [INFO] 更新成功：['v2ray: 200', 'clash: 200']
[2026-08-01 20:26:25] [INFO] 识别到 clash 订阅：https://nodebuf.com/files/public/cmsablb0k0nm3wt5w9oj8ruur/preview
[2026-08-01 20:26:25] [INFO] 识别到 v2ray 订阅：https://nodebuf.com/files/public/cmsablb0l0nm4wt5w1l4d899o/preview
[2026-08-01 20:26:25] [INFO] 更新成功：['v2ray: 200', 'clash: 200']
[2026-08-02 08:47:06] [INFO] 识别到 clash 订阅：https://nodebuf.com/files/public/cmsb1bdz00x1vwt5wd00p3lg1/preview
[2026-08-02 08:47:06] [INFO] 识别到 v2ray 订阅：https://nodebuf.com/files/public/cmsb1bdyz0x1uwt5waziqqi19/preview
[2026-08-02 08:47:06] [INFO] 更新成功：['v2ray: 200', 'clash: 200']
[2026-08-02 20:27:42] [INFO] 识别到 clash 订阅：https://nodebuf.com/files/public/cmsbr05qy15ypwt5w63jzbinj/preview
[2026-08-02 20:27:42] [INFO] 识别到 v2ray 订阅：https://nodebuf.com/files/public/cmsbr05r115yrwt5wgt18m9c3/preview
[2026-08-02 20:27:42] [INFO] 更新成功：['v2ray: 200', 'clash: 200']
[2026-08-03 08:45:11] [INFO] 识别到 clash 订阅：https://nodebuf.com/files/public/cmscgq8551eerwt5wjadvvykm/preview
[2026-08-03 08:45:11] [INFO] 识别到 v2ray 订阅：https://nodebuf.com/files/public/cmscgq8551eeqwt5wg2ac4sak/preview
[2026-08-03 08:45:11] [INFO] 更新成功：['v2ray: 200', 'clash: 200']
[2026-08-03 21:08:45] [INFO] 识别到 clash 订阅：https://nodebuf.com/files/public/cmsd6gebj1nunwt5wjm30h6b5/preview
[2026-08-03 21:08:46] [INFO] 识别到 v2ray 订阅：https://nodebuf.com/files/public/cmsd6gebh1nulwt5w8ph0859w/preview
[2026-08-03 21:08:46] [INFO] 更新成功：['v2ray: 200', 'clash: 200']
[2026-08-04 08:43:24] [INFO] 识别到 clash 订阅：https://nodebuf.com/files/public/cmsdw6knn1wtrwt5wfnycek8s/preview
[2026-08-04 08:43:24] [INFO] 识别到 v2ray 订阅：https://nodebuf.com/files/public/cmsdw6knl1wtqwt5wdcg2zxjh/preview
[2026-08-04 08:43:24] [INFO] 更新成功：['v2ray: 200', 'clash: 200']
[2026-08-04 20:44:04] [INFO] 识别到 clash 订阅：https://nodebuf.com/files/public/cmselwooh02drsz5w0uvv5140/preview
[2026-08-04 20:44:04] [INFO] 识别到 v2ray 订阅：https://nodebuf.com/files/public/cmselwool02dusz5w3d7y7zck/preview
[2026-08-04 20:44:04] [INFO] 更新成功：['v2ray: 200', 'clash: 200']
[2026-08-05 08:40:10] [ERROR] 更新失败！无法拉取原网站内容 - 404
[2026-08-05 20:41:05] [ERROR] 更新失败！无法拉取原网站内容 - 404
[2026-08-06 08:37:06] [INFO] 识别到 clash 订阅：https://nodebuf.com/files/public/cmsgr2wsk0yc7sz5wbd3mms1v/preview
[2026-08-06 08:37:06] [INFO] 识别到 v2ray 订阅：https://nodebuf.com/files/public/cmsgr2wsm0yc8sz5wei3v386j/preview
[2026-08-06 08:37:06] [INFO] 更新成功：['v2ray: 200', 'clash: 200']
[2026-08-06 20:42:48] [INFO] 识别到 clash 订阅：https://nodebuf.com/files/public/cmshgrnvn18mxsz5w0figvgir/preview
[2026-08-06 20:42:49] [INFO] 识别到 v2ray 订阅：https://nodebuf.com/files/public/cmshgrnvq18mzsz5wfhfmly2d/preview
[2026-08-06 20:42:49] [INFO] 更新成功：['v2ray: 200', 'clash: 200']
[2026-08-07 09:19:38] [INFO] 识别到 clash 订阅：https://nodebuf.com/files/public/cmsi6hovc1f96sz5w4m3qra87/preview
[2026-08-07 09:19:38] [INFO] 识别到 v2ray 订阅：https://nodebuf.com/files/public/cmsi6hova1f95sz5w0ypkq9jd/preview
[2026-08-07 09:19:38] [INFO] 更新成功：['v2ray: 200', 'clash: 200']
[2026-08-07 20:20:17] [INFO] 识别到 clash 订阅：https://nodebuf.com/files/public/cmsiw7nto02sbr55wsqk4havi/preview
[2026-08-07 20:20:18] [INFO] 识别到 v2ray 订阅：https://nodebuf.com/files/public/cmsiw7ntq02sdr55wm7nszzad/preview
[2026-08-07 20:20:18] [INFO] 更新成功：['v2ray: 200', 'clash: 200']
[2026-08-08 08:23:31] [INFO] 识别到 clash 订阅：https://nodebuf.com/files/public/cmsjlxnnp0baur55whsnfgbx1/preview
[2026-08-08 08:23:31] [INFO] 识别到 v2ray 订阅：https://nodebuf.com/files/public/cmsjlxnnn0batr55wdtxg6pdk/preview
[2026-08-08 08:23:31] [INFO] 更新成功：['v2ray: 200', 'clash: 200']
[2026-08-08 20:11:49] [INFO] 识别到 clash 订阅：https://nodebuf.com/files/public/cmskbnq9g0l0tr55whmzut7mw/preview
[2026-08-08 20:11:49] [INFO] 识别到 v2ray 订阅：https://nodebuf.com/files/public/cmskbnq9e0l0rr55w134sy3b2/preview
[2026-08-08 20:11:50] [INFO] 更新成功：['v2ray: 200', 'clash: 200']
[2026-08-09 08:25:01] [INFO] 识别到 clash 订阅：https://nodebuf.com/files/public/cmsl1dq900tuvr55wfe1uwfbf/preview
[2026-08-09 08:25:02] [INFO] 识别到 v2ray 订阅：https://nodebuf.com/files/public/cmsl1dq8u0tuur55wbrm04o29/preview
[2026-08-09 08:25:02] [INFO] 更新成功：['v2ray: 200', 'clash: 200']
[2026-08-10 08:25:52] [INFO] 识别到 clash 订阅：https://nodebuf.com/files/public/cmsmgtz6h1brur55wszljc4mi/preview
[2026-08-10 08:25:52] [INFO] 识别到 v2ray 订阅：https://nodebuf.com/files/public/cmsmgtz661brtr55wlo3vp4zf/preview
[2026-08-10 08:25:52] [INFO] 更新成功：['v2ray: 200', 'clash: 200']
[2026-08-10 20:20:46] [INFO] 识别到 clash 订阅：https://nodebuf.com/files/public/cmsn6k49h1lwbr55w83w31bep/preview
[2026-08-10 20:20:46] [INFO] 识别到 v2ray 订阅：https://nodebuf.com/files/public/cmsn6k49f1lw9r55wipy17sz0/preview
[2026-08-10 20:20:46] [INFO] 更新成功：['v2ray: 200', 'clash: 200']
[2026-08-11 08:24:41] [INFO] 识别到 clash 订阅：https://nodebuf.com/files/public/cmsnwa59h1unpr55wa03aohks/preview
[2026-08-11 08:24:41] [INFO] 识别到 v2ray 订阅：https://nodebuf.com/files/public/cmsnwa59g1unor55wnz54cn9j/preview
[2026-08-11 08:24:41] [INFO] 更新成功：['v2ray: 200', 'clash: 200']
[2026-08-11 20:20:51] [INFO] 识别到 clash 订阅：https://nodebuf.com/files/public/cmsolyzd424dar55wkl05mzw1/preview
[2026-08-11 20:20:51] [INFO] 识别到 v2ray 订阅：https://nodebuf.com/files/public/cmsolyzd524dbr55wl2itn1f3/preview
[2026-08-11 20:20:51] [INFO] 更新成功：['v2ray: 200', 'clash: 200']
[2026-08-12 08:29:23] [INFO] 识别到 clash 订阅：https://nodebuf.com/files/public/cmspbp0ny2f6er55w7jwei29c/preview
[2026-08-12 08:29:23] [INFO] 识别到 v2ray 订阅：https://nodebuf.com/files/public/cmspbp0nx2f6dr55wnh90iy18/preview
[2026-08-12 08:29:23] [INFO] 更新成功：['v2ray: 200', 'clash: 200']
[2026-08-12 20:21:10] [INFO] 识别到 clash 订阅：https://nodebuf.com/files/public/cmsq1f2jo2q0jr55w8nyk2hnp/preview
[2026-08-12 20:21:10] [INFO] 识别到 v2ray 订阅：https://nodebuf.com/files/public/cmsq1f2ju2q0lr55wjwofbt73/preview
[2026-08-12 20:21:10] [INFO] 更新成功：['v2ray: 200', 'clash: 200']
[2026-08-13 08:29:58] [INFO] 识别到 clash 订阅：https://nodebuf.com/files/public/cmsqr55rw2zlar55waapyhdim/preview
[2026-08-13 08:29:58] [INFO] 识别到 v2ray 订阅：https://nodebuf.com/files/public/cmsqr55rv2zl9r55w53xry5o1/preview
[2026-08-13 08:29:58] [INFO] 更新成功：['v2ray: 200', 'clash: 200']
[2026-08-13 20:21:31] [INFO] 识别到 clash 订阅：https://nodebuf.com/files/public/cmsrgvfxy39kir55w4hg5oui3/preview
[2026-08-13 20:21:32] [INFO] 识别到 v2ray 订阅：https://nodebuf.com/files/public/cmsrgvfy239kkr55wpw36je8h/preview
[2026-08-13 20:21:32] [INFO] 更新成功：['v2ray: 200', 'clash: 200']
[2026-08-14 08:30:39] [INFO] 识别到 clash 订阅：https://nodebuf.com/files/public/cmss6lhga3ja5r55ww9r7566y/preview
[2026-08-14 08:30:39] [INFO] 识别到 v2ray 订阅：https://nodebuf.com/files/public/cmss6lhg93ja4r55wmmjk1nhj/preview
[2026-08-14 08:30:39] [INFO] 更新成功：['v2ray: 200', 'clash: 200']
[2026-08-14 20:20:35] [INFO] 识别到 clash 订阅：https://nodebuf.com/files/public/cmsswadsz3tagr55w8uucdkwu/preview
[2026-08-14 20:20:35] [INFO] 识别到 v2ray 订阅：https://nodebuf.com/files/public/cmsswadsl3tafr55wtdf8gv7l/preview
[2026-08-14 20:20:35] [INFO] 更新成功：['v2ray: 200', 'clash: 200']
[2026-08-15 08:17:41] [INFO] 识别到 clash 订阅：https://nodebuf.com/files/public/cmstm0exq42uwr55wqd1ix90u/preview
[2026-08-15 08:17:41] [INFO] 识别到 v2ray 订阅：https://nodebuf.com/files/public/cmstm0ewm42uvr55w31jl60b7/preview
[2026-08-15 08:17:41] [INFO] 更新成功：['v2ray: 200', 'clash: 200']
[2026-08-15 20:07:31] [INFO] 识别到 clash 订阅：https://nodebuf.com/files/public/cmsubqnpj4cndr55woddbvtmf/preview
[2026-08-15 20:07:32] [INFO] 识别到 v2ray 订阅：https://nodebuf.com/files/public/cmsubqnpi4cncr55wwxbl4xdc/preview
[2026-08-15 20:07:32] [INFO] 更新成功：['v2ray: 200', 'clash: 200']
[2026-08-16 08:18:19] [INFO] 识别到 clash 订阅：https://nodebuf.com/files/public/cmsv1gpjr4lrvr55wvyulfsrx/preview
[2026-08-16 08:18:19] [INFO] 识别到 v2ray 订阅：https://nodebuf.com/files/public/cmsv1gpjk4lrur55w97np1pfp/preview
[2026-08-16 08:18:19] [INFO] 更新成功：['v2ray: 200', 'clash: 200']
[2026-08-17 08:17:33] [INFO] 识别到 clash 订阅：https://nodebuf.com/files/public/cmswgx41n56w1r55wyeabhzx3/preview
[2026-08-17 08:17:33] [INFO] 识别到 v2ray 订阅：https://nodebuf.com/files/public/cmswgx40b56vzr55w2dnrkidl/preview
[2026-08-17 08:17:33] [INFO] 更新成功：['v2ray: 200', 'clash: 200']
[2026-08-17 20:49:49] [INFO] 识别到 clash 订阅：https://nodebuf.com/files/public/cmsx6meci03z8dp5w0vm7fnek/preview
[2026-08-17 20:49:50] [INFO] 识别到 v2ray 订阅：https://nodebuf.com/files/public/cmsx6mecg03z7dp5wuq935nws/preview
[2026-08-17 20:49:50] [INFO] 更新成功：['v2ray: 200', 'clash: 200']
[2026-08-18 09:22:51] [INFO] 识别到 clash 订阅：https://nodebuf.com/files/public/cmsxwchof0d4ndp5wayuacav7/preview
[2026-08-18 09:22:52] [INFO] 识别到 v2ray 订阅：https://nodebuf.com/files/public/cmsxwchny0d4ldp5wa73qv7pk/preview
[2026-08-18 09:22:52] [INFO] 更新成功：['v2ray: 200', 'clash: 200']
[2026-08-18 20:51:38] [INFO] 识别到 clash 订阅：https://nodebuf.com/files/public/cmsym2muv0nwudp5wz7b5ad2k/preview
[2026-08-18 20:51:38] [INFO] 识别到 v2ray 订阅：https://nodebuf.com/files/public/cmsym2mus0nwtdp5we81k9b2s/preview
[2026-08-18 20:51:38] [INFO] 更新成功：['v2ray: 200', 'clash: 200']
[2026-08-19 09:24:20] [INFO] 识别到 clash 订阅：https://nodebuf.com/files/public/cmszbssga0yordp5wjtxo8ysq/preview
[2026-08-19 09:24:20] [INFO] 识别到 v2ray 订阅：https://nodebuf.com/files/public/cmszbssg90yoqdp5wq4vuwvg2/preview
[2026-08-19 09:24:20] [INFO] 更新成功：['v2ray: 200', 'clash: 200']
[2026-08-19 20:52:43] [INFO] 识别到 clash 订阅：https://nodebuf.com/files/public/cmt01i3ik197tdp5w6wc34p1l/preview
[2026-08-19 20:52:43] [INFO] 识别到 v2ray 订阅：https://nodebuf.com/files/public/cmt01i3ii197sdp5w7i3rwy3n/preview
[2026-08-19 20:52:43] [INFO] 更新成功：['v2ray: 200', 'clash: 200']
[2026-08-20 09:23:36] [INFO] 识别到 clash 订阅：https://nodebuf.com/files/public/cmt0r88lm1ivbdp5w4a6pbva1/preview
[2026-08-20 09:23:36] [INFO] 识别到 v2ray 订阅：https://nodebuf.com/files/public/cmt0r88ll1ivadp5wn063a208/preview
[2026-08-20 09:23:36] [INFO] 更新成功：['v2ray: 200', 'clash: 200']
[2026-08-20 20:54:18] [INFO] 识别到 clash 订阅：https://nodebuf.com/files/public/cmt1gy9ae0356tz5wwn0g1u8e/preview
[2026-08-20 20:54:19] [INFO] 识别到 v2ray 订阅：https://nodebuf.com/files/public/cmt1gy9ac0355tz5w4km38995/preview
[2026-08-20 20:54:19] [INFO] 更新成功：['v2ray: 200', 'clash: 200']
[2026-08-21 09:33:59] [INFO] 识别到 clash 订阅：https://nodebuf.com/files/public/cmt26oasw0dbotz5wvy9ixvi7/preview
[2026-08-21 09:33:59] [INFO] 识别到 v2ray 订阅：https://nodebuf.com/files/public/cmt26oasr0dbmtz5wlaw19i4v/preview
[2026-08-21 09:33:59] [INFO] 更新成功：['v2ray: 200', 'clash: 200']
[2026-08-21 20:11:00] [INFO] 识别到 clash 订阅：https://nodebuf.com/files/public/cmt2web8n064fzr5wjcegpmju/preview
[2026-08-21 20:11:00] [INFO] 识别到 v2ray 订阅：https://nodebuf.com/files/public/cmt2web8m064dzr5wpeai95ub/preview
[2026-08-21 20:11:00] [INFO] 更新成功：['v2ray: 200', 'clash: 200']
[2026-08-22 08:17:18] [INFO] 识别到 clash 订阅：https://nodebuf.com/files/public/cmt3m4f700fmvzr5wcicozdgl/preview
[2026-08-22 08:17:18] [INFO] 识别到 v2ray 订阅：https://nodebuf.com/files/public/cmt3m4f6x0fmtzr5wfukqxqsj/preview
[2026-08-22 08:17:18] [INFO] 更新成功：['v2ray: 200', 'clash: 200']
[2026-08-22 20:07:54] [INFO] 识别到 clash 订阅：https://nodebuf.com/files/public/cmt4btl4e0qopzr5weapik41i/preview
[2026-08-22 20:07:54] [INFO] 识别到 v2ray 订阅：https://nodebuf.com/files/public/cmt4btl430qoozr5wrlpuihje/preview
[2026-08-22 20:07:54] [INFO] 更新成功：['v2ray: 200', 'clash: 200']
[2026-08-23 08:18:54] [INFO] 识别到 clash 订阅：https://nodebuf.com/files/public/cmt51jsqz1001zr5wv98ekq45/preview
[2026-08-23 08:18:55] [INFO] 识别到 v2ray 订阅：https://nodebuf.com/files/public/cmt51jsql1000zr5whilztc9j/preview
[2026-08-23 08:18:55] [INFO] 更新成功：['v2ray: 200', 'clash: 200']
[2026-08-24 08:18:26] [INFO] 识别到 clash 订阅：https://nodebuf.com/files/public/cmt6h06gd1ln3zr5w6i6ggvjn/preview
[2026-08-24 08:18:26] [INFO] 识别到 v2ray 订阅：https://nodebuf.com/files/public/cmt6h06ha1ln5zr5wf0xb43zr/preview
[2026-08-24 08:18:26] [INFO] 更新成功：['v2ray: 200', 'clash: 200']
[2026-08-25 08:17:49] [INFO] 识别到 clash 订阅：https://nodebuf.com/files/public/cmt7wfpd62628zr5wd1m8ar99/preview
[2026-08-25 08:17:50] [INFO] 识别到 v2ray 订阅：https://nodebuf.com/files/public/cmt7wfpcp2627zr5wr1tizbbd/preview
[2026-08-25 08:17:50] [INFO] 更新成功：['v2ray: 200', 'clash: 200']
[2026-08-26 08:18:27] [INFO] 识别到 clash 订阅：https://nodebuf.com/files/public/cmt9bv15104onwz5wcuzs3cyn/preview
[2026-08-26 08:18:27] [INFO] 识别到 v2ray 订阅：https://nodebuf.com/files/public/cmt9bv14p04omwz5w6ov658g1/preview
[2026-08-26 08:18:27] [INFO] 更新成功：['v2ray: 200', 'clash: 200']
[2026-08-26 20:12:09] [INFO] 识别到 clash 订阅：https://nodebuf.com/files/public/cmta1le8001req75w870vbryc/preview
[2026-08-26 20:12:11] [INFO] 识别到 v2ray 订阅：https://nodebuf.com/files/public/cmta1le7c01rcq75wfo49meqq/preview
[2026-08-26 20:12:11] [INFO] 更新成功：['v2ray: 200', 'clash: 200']
[2026-08-27 09:46:16] [INFO] 识别到 clash 订阅：https://nodebuf.com/files/public/cmtaratci0avgq75w3fieg9ld/preview
[2026-08-27 09:46:18] [INFO] 识别到 v2ray 订阅：https://nodebuf.com/files/public/cmtaratcd0aveq75wh96w6oz7/preview
[2026-08-27 09:46:18] [INFO] 更新成功：['v2ray: 200', 'clash: 200']
[2026-08-27 23:48:48] [INFO] 识别到 clash 订阅：https://nodebuf.com/files/public/cmtbh1c360mg5q75wjawm4g2z/preview
[2026-08-27 23:48:49] [INFO] 识别到 v2ray 订阅：https://nodebuf.com/files/public/cmtbh1c2y0mg4q75wjidxg9n6/preview
[2026-08-27 23:48:49] [INFO] 更新成功：['v2ray: 200', 'clash: 200']
[2026-08-28 11:08:31] [INFO] 识别到 clash 订阅：https://nodebuf.com/files/public/cmtc6qnxl0u2zq75w95mr8ml3/preview
[2026-08-28 11:08:31] [INFO] 识别到 v2ray 订阅：https://nodebuf.com/files/public/cmtc6qnxb0u2yq75w23aqekef/preview
[2026-08-28 11:08:31] [INFO] 更新成功：['v2ray: 200', 'clash: 200']
[2026-08-29 00:15:02] [INFO] 识别到 clash 订阅：https://nodebuf.com/files/public/cmtcwgroe1676q75woq8n930i/preview
[2026-08-29 00:15:02] [INFO] 识别到 v2ray 订阅：https://nodebuf.com/files/public/cmtcwgrob1675q75wfc4et0x0/preview
[2026-08-29 00:15:02] [INFO] 更新成功：['v2ray: 200', 'clash: 200']
[2026-08-29 08:37:48] [INFO] 识别到 clash 订阅：https://nodebuf.com/files/public/cmtdm6ulq1dyoq75w2c339qtb/preview
[2026-08-29 08:37:48] [INFO] 识别到 v2ray 订阅：https://nodebuf.com/files/public/cmtdm6ull1dymq75w6m44py42/preview
[2026-08-29 08:37:48] [INFO] 更新成功：['v2ray: 200', 'clash: 200']
[2026-08-29 20:19:52] [INFO] 识别到 clash 订阅：https://nodebuf.com/files/public/cmtebwzuu1po6q75w97ragqn9/preview
[2026-08-29 20:19:53] [INFO] 识别到 v2ray 订阅：https://nodebuf.com/files/public/cmtebwzut1po5q75wo4ey9jj7/preview
[2026-08-29 20:19:53] [INFO] 更新成功：['v2ray: 200', 'clash: 200']
[2026-08-30 08:45:47] [INFO] 识别到 clash 订阅：https://nodebuf.com/files/public/cmtf1mz9y1zbqq75w4new47hr/preview
[2026-08-30 08:45:47] [INFO] 识别到 v2ray 订阅：https://nodebuf.com/files/public/cmtf1mz9t1zboq75wxe85s0sl/preview
[2026-08-30 08:45:47] [INFO] 更新成功：['v2ray: 200', 'clash: 200']
[2026-08-30 20:20:32] [INFO] 识别到 clash 订阅：https://nodebuf.com/files/public/cmtfrd1o12crbq75wugn37gcr/preview
[2026-08-30 20:20:32] [INFO] 识别到 v2ray 订阅：https://nodebuf.com/files/public/cmtfrd1o12craq75wkqdgfbf6/preview
[2026-08-30 20:20:32] [INFO] 更新成功：['v2ray: 200', 'clash: 200']
[2026-08-31 08:46:42] [INFO] 识别到 clash 订阅：https://nodebuf.com/files/public/cmtgh1xux2pv8q75wd6gm8lq8/preview
[2026-08-31 08:46:42] [INFO] 识别到 v2ray 订阅：https://nodebuf.com/files/public/cmtgh1xul2pv6q75wdjjkb4vy/preview
[2026-08-31 08:46:42] [INFO] 更新成功：['v2ray: 200', 'clash: 200']
