[2026-06-01 09:09:20] [WARN] 未能获取新的更新内容
[2026-06-01 22:10:38] [WARN] 未能获取新的更新内容
[2026-06-02 09:07:26] [WARN] 未能获取新的更新内容
[2026-06-02 21:27:34] [WARN] 未能获取新的更新内容
[2026-06-03 09:14:00] [WARN] 未能获取新的更新内容
[2026-06-03 10:50:57] [INFO] 更新成功：['v2ray: 200', 'clash: 200']
[2026-06-03 21:48:31] [INFO] 更新成功：['v2ray: 200', 'clash: 200']
[2026-06-04 09:14:15] [INFO] 更新成功：['v2ray: 200', 'clash: 200']
[2026-06-04 21:16:11] [WARN] 未能获取新的更新内容
[2026-06-05 09:04:56] [WARN] 未能获取新的更新内容
[2026-06-05 21:11:10] [WARN] 未能获取新的更新内容
[2026-06-06 09:01:08] [WARN] 未能获取新的更新内容
[2026-06-06 20:35:54] [WARN] 未能获取新的更新内容
[2026-06-07 09:08:13] [WARN] 未能获取新的更新内容
[2026-06-07 20:40:40] [WARN] 未能获取新的更新内容
[2026-06-08 09:08:39] [WARN] 未能获取新的更新内容
[2026-06-08 21:36:58] [WARN] 未能获取新的更新内容
[2026-06-09 09:00:02] [WARN] 未能获取新的更新内容
[2026-06-09 21:08:35] [WARN] 未能获取新的更新内容
[2026-06-10 09:06:36] [WARN] 未能获取新的更新内容
[2026-06-10 21:20:40] [WARN] 未能获取新的更新内容
[2026-06-11 09:07:18] [WARN] 未能获取新的更新内容
[2026-06-11 21:30:27] [WARN] 未能获取新的更新内容
[2026-06-12 09:10:26] [WARN] 未能获取新的更新内容
[2026-06-12 21:19:22] [WARN] 未能获取新的更新内容
[2026-06-13 09:08:48] [WARN] 未能获取新的更新内容
[2026-06-13 20:45:10] [WARN] 未能获取新的更新内容
[2026-06-14 09:10:13] [WARN] 未能获取新的更新内容
[2026-06-14 20:47:59] [WARN] 未能获取新的更新内容
[2026-06-15 09:12:59] [WARN] 未能获取新的更新内容
[2026-06-15 22:15:54] [WARN] 未能获取新的更新内容
[2026-06-16 09:15:24] [WARN] 未能获取新的更新内容
[2026-06-16 21:56:56] [WARN] 未能获取新的更新内容
[2026-06-17 09:10:19] [WARN] 未能获取新的更新内容
[2026-06-17 21:24:24] [WARN] 未能获取新的更新内容
[2026-06-18 09:08:59] [WARN] 未能获取新的更新内容
[2026-06-18 21:19:55] [WARN] 未能获取新的更新内容
[2026-06-19 09:14:59] [WARN] 未能获取新的更新内容
[2026-06-19 21:18:57] [WARN] 未能获取新的更新内容
[2026-06-20 09:04:57] [WARN] 未能获取新的更新内容
[2026-06-20 20:45:11] [WARN] 未能获取新的更新内容
[2026-06-21 09:12:12] [WARN] 未能获取新的更新内容
[2026-06-21 20:48:49] [WARN] 未能获取新的更新内容
[2026-06-22 09:11:57] [WARN] 未能获取新的更新内容
[2026-06-22 22:01:15] [WARN] 未能获取新的更新内容
[2026-06-23 08:59:39] [WARN] 未能获取新的更新内容
[2026-06-23 21:07:23] [WARN] 未能获取新的更新内容
[2026-06-24 08:57:40] [WARN] 未能获取新的更新内容
[2026-06-24 20:53:59] [WARN] 未能获取新的更新内容
[2026-06-25 09:01:50] [WARN] 未能获取新的更新内容
[2026-06-25 20:55:17] [WARN] 未能获取新的更新内容
[2026-06-26 09:04:28] [WARN] 未能获取新的更新内容
[2026-06-26 20:52:11] [INFO] 识别到 clash 订阅：https://nodebuf.com/files/public/cmquvq0zj04sw2y5wkqxadb3k/preview
[2026-06-26 20:52:11] [INFO] 识别到 v2ray 订阅：https://nodebuf.com/files/public/cmquvq0zi04sv2y5w4ajb7ico/preview
[2026-06-26 20:52:11] [INFO] 更新成功：['v2ray: 200', 'clash: 200']
[2026-06-27 09:00:41] [INFO] 识别到 clash 订阅：https://nodebuf.com/files/public/cmqvlgcg90b0e2y5wfscby99k/preview
[2026-06-27 09:00:42] [INFO] 识别到 v2ray 订阅：https://nodebuf.com/files/public/cmqvlgcfs0b0d2y5wule6ytpy/preview
[2026-06-27 09:00:42] [INFO] 更新成功：['v2ray: 200', 'clash: 200']
[2026-06-27 20:35:43] [INFO] 识别到 clash 订阅：https://nodebuf.com/files/public/cmqwb5i4r0hk42y5wkh5175q3/preview
[2026-06-27 20:35:43] [INFO] 识别到 v2ray 订阅：https://nodebuf.com/files/public/cmqwb5i4e0hk22y5wqlq94q2h/preview
[2026-06-27 20:35:43] [INFO] 更新成功：['v2ray: 200', 'clash: 200']
[2026-06-28 09:05:27] [INFO] 识别到 clash 订阅：https://nodebuf.com/files/public/cmqx0vo6l0njn2y5wo2a9aj30/preview
[2026-06-28 09:05:27] [INFO] 识别到 v2ray 订阅：https://nodebuf.com/files/public/cmqx0vo6j0njl2y5widmromtv/preview
[2026-06-28 09:05:27] [INFO] 更新成功：['v2ray: 200', 'clash: 200']
[2026-06-28 20:36:40] [INFO] 识别到 clash 订阅：https://nodebuf.com/files/public/cmqxqlpdq0udn2y5wb7nxbfy7/preview
[2026-06-28 20:36:40] [INFO] 识别到 v2ray 订阅：https://nodebuf.com/files/public/cmqxqlpdp0udm2y5wymoe8ghn/preview
[2026-06-28 20:36:40] [INFO] 更新成功：['v2ray: 200', 'clash: 200']
[2026-06-29 09:05:59] [INFO] 识别到 clash 订阅：https://nodebuf.com/files/public/cmqygbrg310mg2y5wssp3ewyu/preview
[2026-06-29 09:05:59] [INFO] 识别到 v2ray 订阅：https://nodebuf.com/files/public/cmqygbrg110mf2y5w86fsra01/preview
[2026-06-29 09:05:59] [INFO] 更新成功：['v2ray: 200', 'clash: 200']
[2026-06-29 21:38:45] [INFO] 识别到 clash 订阅：https://nodebuf.com/files/public/cmqz61yw805ha8j5wsoafkbhp/preview
[2026-06-29 21:38:45] [INFO] 识别到 v2ray 订阅：https://nodebuf.com/files/public/cmqz61ywh05hc8j5whdpp3qkc/preview
[2026-06-29 21:38:45] [INFO] 更新成功：['v2ray: 200', 'clash: 200']
[2026-06-30 09:01:59] [INFO] 识别到 clash 订阅：https://nodebuf.com/files/public/cmqzvs0dl0cmo8j5wh7hwrrsp/preview
[2026-06-30 09:01:59] [INFO] 识别到 v2ray 订阅：https://nodebuf.com/files/public/cmqzvs0dk0cmn8j5wsimg3yeg/preview
[2026-06-30 09:01:59] [INFO] 更新成功：['v2ray: 200', 'clash: 200']
[2026-06-30 20:49:34] [INFO] 识别到 clash 订阅：https://nodebuf.com/files/public/cmr0lh7wk011smh5wuupb9c57/preview
[2026-06-30 20:49:34] [INFO] 识别到 v2ray 订阅：https://nodebuf.com/files/public/cmr0lh7wi011rmh5wk6fqz90s/preview
[2026-06-30 20:49:34] [INFO] 更新成功：['v2ray: 200', 'clash: 200']
