[2026-10-01 08:52:30] [INFO] 识别到有效的 clash 订阅
[2026-10-01 08:52:31] [INFO] 识别到有效的 v2ray 订阅
[2026-10-01 08:52:32] [INFO] 识别到有效的 clash 订阅
[2026-10-01 08:52:32] [INFO] 识别到有效的 v2ray 订阅
[2026-10-01 08:52:32] [INFO] NoMoreWalls：获取 clash, v2ray
[2026-10-01 08:52:32] [INFO] 识别到有效的 clash 订阅
[2026-10-01 08:52:32] [INFO] 识别到有效的 v2ray 订阅
[2026-10-01 08:52:32] [INFO] ProxyPool：获取 clash, v2ray
[2026-10-01 08:52:34] [INFO] 已更新：clash.yml, v2ray.txt
[2026-10-01 20:25:44] [INFO] 识别到有效的 clash 订阅
[2026-10-01 20:25:44] [INFO] 识别到有效的 v2ray 订阅
[2026-10-01 20:25:45] [INFO] 识别到有效的 clash 订阅
[2026-10-01 20:25:45] [INFO] NoMoreWalls：获取 clash
[2026-10-01 20:25:46] [INFO] 识别到有效的 clash 订阅
[2026-10-01 20:25:46] [INFO] 识别到有效的 v2ray 订阅
[2026-10-01 20:25:46] [INFO] ProxyPool：获取 clash, v2ray
[2026-10-01 20:25:48] [INFO] 已更新：clash.yml, v2ray.txt
[2026-10-02 08:44:27] [INFO] 识别到有效的 clash 订阅
[2026-10-02 08:44:28] [INFO] 识别到有效的 v2ray 订阅
[2026-10-02 08:44:29] [INFO] 识别到有效的 clash 订阅
[2026-10-02 08:44:29] [INFO] 识别到有效的 v2ray 订阅
[2026-10-02 08:44:29] [INFO] NoMoreWalls：获取 clash, v2ray
[2026-10-02 08:44:29] [INFO] 识别到有效的 clash 订阅
[2026-10-02 08:44:29] [INFO] 识别到有效的 v2ray 订阅
[2026-10-02 08:44:29] [INFO] ProxyPool：获取 clash, v2ray
[2026-10-02 08:44:31] [INFO] 已更新：clash.yml, v2ray.txt
[2026-10-02 20:25:11] [INFO] 识别到有效的 clash 订阅
[2026-10-02 20:25:11] [INFO] 识别到有效的 v2ray 订阅
[2026-10-02 20:25:12] [INFO] 识别到有效的 clash 订阅
[2026-10-02 20:25:12] [INFO] 识别到有效的 v2ray 订阅
[2026-10-02 20:25:12] [INFO] NoMoreWalls：获取 clash, v2ray
[2026-10-02 20:25:12] [INFO] 识别到有效的 clash 订阅
[2026-10-02 20:25:12] [INFO] 识别到有效的 v2ray 订阅
[2026-10-02 20:25:12] [INFO] ProxyPool：获取 clash, v2ray
[2026-10-02 20:25:13] [INFO] 已更新：clash.yml, v2ray.txt
[2026-10-03 08:42:08] [INFO] 识别到有效的 clash 订阅
[2026-10-03 08:42:09] [INFO] 识别到有效的 v2ray 订阅
[2026-10-03 08:42:09] [INFO] 识别到有效的 clash 订阅
[2026-10-03 08:42:09] [INFO] 识别到有效的 v2ray 订阅
[2026-10-03 08:42:09] [INFO] NoMoreWalls：获取 clash, v2ray
[2026-10-03 08:42:10] [INFO] 识别到有效的 clash 订阅
[2026-10-03 08:42:10] [INFO] 识别到有效的 v2ray 订阅
[2026-10-03 08:42:10] [INFO] ProxyPool：获取 clash, v2ray
[2026-10-03 08:42:11] [INFO] 已更新：clash.yml, v2ray.txt
[2026-10-03 21:47:22] [INFO] 识别到有效的 clash 订阅
[2026-10-03 21:47:22] [INFO] 识别到有效的 v2ray 订阅
[2026-10-03 21:47:23] [INFO] 识别到有效的 clash 订阅
[2026-10-03 21:47:24] [INFO] 识别到有效的 v2ray 订阅
[2026-10-03 21:47:24] [INFO] NoMoreWalls：获取 clash, v2ray
[2026-10-03 21:47:24] [INFO] 识别到有效的 clash 订阅
[2026-10-03 21:47:24] [INFO] 识别到有效的 v2ray 订阅
[2026-10-03 21:47:24] [INFO] ProxyPool：获取 clash, v2ray
[2026-10-03 21:47:26] [INFO] 已更新：clash.yml, v2ray.txt
[2026-10-04 09:19:16] [INFO] 识别到有效的 clash 订阅
[2026-10-04 09:19:17] [INFO] 识别到有效的 v2ray 订阅
[2026-10-04 09:19:17] [INFO] 识别到有效的 clash 订阅
[2026-10-04 09:19:17] [INFO] 识别到有效的 v2ray 订阅
[2026-10-04 09:19:17] [INFO] NoMoreWalls：获取 clash, v2ray
[2026-10-04 09:19:18] [INFO] 识别到有效的 clash 订阅
[2026-10-04 09:19:18] [INFO] 识别到有效的 v2ray 订阅
[2026-10-04 09:19:18] [INFO] ProxyPool：获取 clash, v2ray
[2026-10-04 09:19:20] [INFO] 已更新：clash.yml, v2ray.txt
[2026-10-04 22:00:47] [INFO] 识别到有效的 clash 订阅
[2026-10-04 22:00:47] [INFO] 识别到有效的 v2ray 订阅
[2026-10-04 22:00:47] [INFO] 识别到有效的 clash 订阅
[2026-10-04 22:00:47] [INFO] 识别到有效的 v2ray 订阅
[2026-10-04 22:00:47] [INFO] NoMoreWalls：获取 clash, v2ray
[2026-10-04 22:00:48] [INFO] 识别到有效的 clash 订阅
[2026-10-04 22:00:48] [INFO] 识别到有效的 v2ray 订阅
[2026-10-04 22:00:48] [INFO] ProxyPool：获取 clash, v2ray
[2026-10-04 22:00:49] [INFO] 已更新：clash.yml, v2ray.txt
[2026-10-05 08:49:27] [INFO] 识别到有效的 clash 订阅
[2026-10-05 08:49:27] [INFO] 识别到有效的 v2ray 订阅
[2026-10-05 08:49:27] [INFO] 识别到有效的 clash 订阅
[2026-10-05 08:49:27] [INFO] 识别到有效的 v2ray 订阅
[2026-10-05 08:49:27] [INFO] NoMoreWalls：获取 clash, v2ray
[2026-10-05 08:49:28] [INFO] 识别到有效的 clash 订阅
[2026-10-05 08:49:28] [INFO] 识别到有效的 v2ray 订阅
[2026-10-05 08:49:28] [INFO] ProxyPool：获取 clash, v2ray
[2026-10-05 08:49:29] [INFO] 已更新：clash.yml, v2ray.txt
