[2026-09-01 08:50:20] [INFO] 识别到 clash 订阅：https://nodebuf.com/files/public/cmthwivi30khn6l5wbz5vltde/preview
[2026-09-01 08:50:20] [INFO] 识别到 v2ray 订阅：https://nodebuf.com/files/public/cmthwivi10khl6l5wvidi2s84/preview
[2026-09-01 08:50:20] [INFO] 更新成功：['v2ray: 200', 'clash: 200']
[2026-09-01 20:23:16] [INFO] 识别到 clash 订阅：https://nodebuf.com/files/public/cmtim7zm90ujo6l5wfws6vkmf/preview
[2026-09-01 20:23:16] [INFO] 识别到 v2ray 订阅：https://nodebuf.com/files/public/cmtim7zls0ujn6l5wczbmgrae/preview
[2026-09-01 20:23:16] [INFO] 更新成功：['v2ray: 200', 'clash: 200']
[2026-09-02 08:42:38] [INFO] 识别到 clash 订阅：https://nodebuf.com/files/public/cmtjby1mn151f6l5wxns6a4te/preview
[2026-09-02 08:42:41] [INFO] 识别到 v2ray 订阅：https://nodebuf.com/files/public/cmtjby1mm151e6l5w731tuzry/preview
[2026-09-02 08:42:41] [INFO] 更新成功：['v2ray: 200', 'clash: 200']
[2026-09-02 20:24:14] [INFO] 识别到 clash 订阅：https://nodebuf.com/files/public/cmtk1o3321it16l5wkcdu0bg4/preview
[2026-09-02 20:24:14] [INFO] 识别到 v2ray 订阅：https://nodebuf.com/files/public/cmtk1o3341it36l5we499ywg0/preview
[2026-09-02 20:24:14] [INFO] 更新成功：['v2ray: 200', 'clash: 200']
[2026-09-03 08:43:14] [INFO] 识别到 clash 订阅：https://nodebuf.com/files/public/cmtkre6vs1sid6l5wvmjqm5j2/preview
[2026-09-03 08:43:14] [INFO] 识别到 v2ray 订阅：https://nodebuf.com/files/public/cmtkre6vq1sic6l5wgwb0mkkq/preview
[2026-09-03 08:43:14] [INFO] 更新成功：['v2ray: 200', 'clash: 200']
[2026-09-03 20:24:13] [INFO] 识别到 clash 订阅：https://nodebuf.com/files/public/cmtlh4dt024yu6l5w4wi9aclo/preview
[2026-09-03 20:24:13] [INFO] 识别到 v2ray 订阅：https://nodebuf.com/files/public/cmtlh4dt024yt6l5wigkc0mu8/preview
[2026-09-03 20:24:13] [INFO] 更新成功：['v2ray: 200', 'clash: 200']
[2026-09-04 08:40:02] [INFO] 识别到 clash 订阅：https://nodebuf.com/files/public/cmtm6ufmc2ggm6l5wz62obc7n/preview
[2026-09-04 08:40:02] [INFO] 识别到 v2ray 订阅：https://nodebuf.com/files/public/cmtm6ufmc2ggn6l5w7aqw98zb/preview
[2026-09-04 08:40:02] [INFO] 更新成功：['v2ray: 200', 'clash: 200']
[2026-09-04 20:23:03] [INFO] 识别到 clash 订阅：https://nodebuf.com/files/public/cmtmwkj482s9f6l5wu9z38xkx/preview
[2026-09-04 20:23:03] [INFO] 识别到 v2ray 订阅：https://nodebuf.com/files/public/cmtmwkj472s9d6l5ww9x2rtsm/preview
[2026-09-04 20:23:03] [INFO] 更新成功：['v2ray: 200', 'clash: 200']
[2026-09-05 08:40:18] [INFO] 识别到 clash 订阅：https://nodebuf.com/files/public/cmtnm9buv32j46l5wuqis1v24/preview
[2026-09-05 08:40:18] [INFO] 识别到 v2ray 订阅：https://nodebuf.com/files/public/cmtnm9but32j36l5wct34mhz0/preview
[2026-09-05 08:40:18] [INFO] 更新成功：['v2ray: 200', 'clash: 200']
[2026-09-05 20:19:33] [INFO] 识别到 clash 订阅：https://nodebuf.com/files/public/cmtobzaf43dzs6l5wvxg9q9av/preview
[2026-09-05 20:19:33] [INFO] 识别到 v2ray 订阅：https://nodebuf.com/files/public/cmtobzaf33dzr6l5wtgz3sj0h/preview
[2026-09-05 20:19:33] [INFO] 更新成功：['v2ray: 200', 'clash: 200']
[2026-09-06 08:47:04] [INFO] 识别到 clash 订阅：https://nodebuf.com/files/public/cmtp1ptkk3o4j6l5wsfdwbl80/preview
[2026-09-06 08:47:05] [INFO] 识别到 v2ray 订阅：https://nodebuf.com/files/public/cmtp1ptkh3o4h6l5wgp5td8jl/preview
[2026-09-06 08:47:05] [INFO] 更新成功：['v2ray: 200', 'clash: 200']
[2026-09-06 20:19:43] [INFO] 识别到 clash 订阅：https://nodebuf.com/files/public/cmtprfxv504e0o95wa6ivycoo/preview
[2026-09-06 20:19:43] [INFO] 识别到 v2ray 订阅：https://nodebuf.com/files/public/cmtprfxv504dzo95wyag4az5o/preview
[2026-09-06 20:19:43] [INFO] 更新成功：['v2ray: 200', 'clash: 200']
[2026-09-07 08:46:00] [INFO] 识别到 clash 订阅：https://nodebuf.com/files/public/cmtqh55x50elco95wnl3h7efh/preview
[2026-09-07 08:46:00] [INFO] 识别到 v2ray 订阅：https://nodebuf.com/files/public/cmtqh55x30elbo95wsmvpc0tt/preview
[2026-09-07 08:46:00] [INFO] 更新成功：['v2ray: 200', 'clash: 200']
[2026-09-07 20:23:41] [INFO] 识别到 clash 订阅：https://nodebuf.com/files/public/cmtr6v7a60qtko95w5splbjfb/preview
[2026-09-07 20:23:42] [INFO] 识别到 v2ray 订阅：https://nodebuf.com/files/public/cmtr6v7a30qtio95wnmxhrvkf/preview
[2026-09-07 20:23:42] [INFO] 更新成功：['v2ray: 200', 'clash: 200']
[2026-09-08 07:38:07] [INFO] 识别到有效的 clash 订阅
[2026-09-08 07:38:07] [INFO] 识别到有效的 v2ray 订阅
[2026-09-08 07:38:08] [INFO] 识别到有效的 clash 订阅
[2026-09-08 07:38:08] [INFO] 识别到有效的 v2ray 订阅
[2026-09-08 07:38:08] [INFO] NoMoreWalls：获取 clash, v2ray
[2026-09-08 07:38:08] [INFO] 识别到有效的 clash 订阅
[2026-09-08 07:38:08] [INFO] 识别到有效的 v2ray 订阅
[2026-09-08 07:38:08] [INFO] ProxyPool：获取 clash, v2ray
[2026-09-08 07:38:10] [INFO] 已更新：clash.yml, v2ray.txt
[2026-09-08 08:03:41] [INFO] 识别到有效的 clash 订阅
[2026-09-08 08:03:42] [INFO] 识别到有效的 v2ray 订阅
[2026-09-08 08:03:42] [INFO] 识别到有效的 clash 订阅
[2026-09-08 08:03:42] [INFO] 识别到有效的 v2ray 订阅
[2026-09-08 08:03:42] [INFO] NoMoreWalls：获取 clash, v2ray
[2026-09-08 08:03:43] [INFO] 识别到有效的 clash 订阅
[2026-09-08 08:03:43] [INFO] 识别到有效的 v2ray 订阅
[2026-09-08 08:03:43] [INFO] ProxyPool：获取 clash, v2ray
[2026-09-08 08:03:44] [INFO] 已更新：clash.yml, v2ray.txt
[2026-09-08 08:42:45] [INFO] 识别到有效的 clash 订阅
[2026-09-08 08:42:45] [INFO] 识别到有效的 v2ray 订阅
[2026-09-08 08:42:45] [INFO] 识别到有效的 clash 订阅
[2026-09-08 08:42:45] [INFO] 识别到有效的 v2ray 订阅
[2026-09-08 08:42:45] [INFO] NoMoreWalls：获取 clash, v2ray
[2026-09-08 08:42:46] [INFO] 识别到有效的 clash 订阅
[2026-09-08 08:42:46] [INFO] 识别到有效的 v2ray 订阅
[2026-09-08 08:42:46] [INFO] ProxyPool：获取 clash, v2ray
[2026-09-08 08:42:47] [INFO] 已更新：clash.yml, v2ray.txt
[2026-09-08 20:23:27] [WARN] 候选订阅 HTTP 404
[2026-09-08 20:23:27] [WARN] 候选订阅 HTTP 404
[2026-09-08 20:23:28] [WARN] 候选订阅 HTTP 404
[2026-09-08 20:23:29] [INFO] 识别到有效的 clash 订阅
[2026-09-08 20:23:29] [INFO] 识别到有效的 v2ray 订阅
[2026-09-08 20:23:29] [INFO] 识别到有效的 clash 订阅
[2026-09-08 20:23:29] [INFO] 识别到有效的 v2ray 订阅
[2026-09-08 20:23:29] [INFO] NoMoreWalls：获取 clash, v2ray
[2026-09-08 20:23:30] [INFO] 识别到有效的 clash 订阅
[2026-09-08 20:23:30] [INFO] 识别到有效的 v2ray 订阅
[2026-09-08 20:23:30] [INFO] ProxyPool：获取 clash, v2ray
[2026-09-08 20:23:32] [INFO] 已更新：clash.yml, v2ray.txt
[2026-09-09 08:42:19] [WARN] 候选订阅 HTTP 404
[2026-09-09 08:42:19] [WARN] 候选订阅 HTTP 404
[2026-09-09 08:42:20] [WARN] 候选订阅 HTTP 404
[2026-09-09 08:42:21] [INFO] 识别到有效的 clash 订阅
[2026-09-09 08:42:21] [INFO] 识别到有效的 v2ray 订阅
[2026-09-09 08:42:22] [INFO] 识别到有效的 clash 订阅
[2026-09-09 08:42:22] [INFO] 识别到有效的 v2ray 订阅
[2026-09-09 08:42:22] [INFO] NoMoreWalls：获取 clash, v2ray
[2026-09-09 08:42:23] [INFO] 识别到有效的 clash 订阅
[2026-09-09 08:42:23] [INFO] 识别到有效的 v2ray 订阅
[2026-09-09 08:42:23] [INFO] ProxyPool：获取 clash, v2ray
[2026-09-09 08:42:24] [INFO] 已更新：clash.yml, v2ray.txt
[2026-09-09 20:22:58] [INFO] 识别到有效的 clash 订阅
[2026-09-09 20:22:58] [INFO] 识别到有效的 v2ray 订阅
[2026-09-09 20:22:59] [INFO] 识别到有效的 clash 订阅
[2026-09-09 20:22:59] [INFO] 识别到有效的 v2ray 订阅
[2026-09-09 20:22:59] [INFO] NoMoreWalls：获取 clash, v2ray
[2026-09-09 20:22:59] [INFO] 识别到有效的 clash 订阅
[2026-09-09 20:23:00] [INFO] 识别到有效的 v2ray 订阅
[2026-09-09 20:23:00] [INFO] ProxyPool：获取 clash, v2ray
[2026-09-09 20:23:01] [INFO] 已更新：clash.yml, v2ray.txt
[2026-09-10 08:40:17] [INFO] 识别到有效的 clash 订阅
[2026-09-10 08:40:18] [INFO] 识别到有效的 v2ray 订阅
[2026-09-10 08:40:18] [INFO] 识别到有效的 clash 订阅
[2026-09-10 08:40:18] [INFO] 识别到有效的 v2ray 订阅
[2026-09-10 08:40:18] [INFO] NoMoreWalls：获取 clash, v2ray
[2026-09-10 08:40:19] [INFO] 识别到有效的 clash 订阅
[2026-09-10 08:40:19] [INFO] 识别到有效的 v2ray 订阅
[2026-09-10 08:40:19] [INFO] ProxyPool：获取 clash, v2ray
[2026-09-10 08:40:21] [INFO] 已更新：clash.yml, v2ray.txt
[2026-09-10 20:22:54] [INFO] 识别到有效的 clash 订阅
[2026-09-10 20:22:54] [INFO] 识别到有效的 v2ray 订阅
[2026-09-10 20:22:55] [INFO] 识别到有效的 clash 订阅
[2026-09-10 20:22:55] [INFO] 识别到有效的 v2ray 订阅
[2026-09-10 20:22:55] [INFO] NoMoreWalls：获取 clash, v2ray
[2026-09-10 20:22:55] [INFO] 识别到有效的 clash 订阅
[2026-09-10 20:22:55] [INFO] 识别到有效的 v2ray 订阅
[2026-09-10 20:22:55] [INFO] ProxyPool：获取 clash, v2ray
[2026-09-10 20:22:57] [INFO] 已更新：clash.yml, v2ray.txt
[2026-09-11 08:40:56] [INFO] 识别到有效的 clash 订阅
[2026-09-11 08:40:57] [INFO] 识别到有效的 v2ray 订阅
[2026-09-11 08:40:57] [INFO] 识别到有效的 clash 订阅
[2026-09-11 08:40:57] [INFO] 识别到有效的 v2ray 订阅
[2026-09-11 08:40:57] [INFO] NoMoreWalls：获取 clash, v2ray
[2026-09-11 08:40:58] [INFO] 识别到有效的 clash 订阅
[2026-09-11 08:40:58] [INFO] 识别到有效的 v2ray 订阅
[2026-09-11 08:40:58] [INFO] ProxyPool：获取 clash, v2ray
[2026-09-11 08:41:00] [INFO] 已更新：clash.yml, v2ray.txt
[2026-09-11 20:23:30] [INFO] 识别到有效的 clash 订阅
[2026-09-11 20:23:30] [INFO] 识别到有效的 v2ray 订阅
[2026-09-11 20:23:30] [INFO] 识别到有效的 clash 订阅
[2026-09-11 20:23:30] [INFO] 识别到有效的 v2ray 订阅
[2026-09-11 20:23:30] [INFO] NoMoreWalls：获取 clash, v2ray
[2026-09-11 20:23:31] [INFO] 识别到有效的 clash 订阅
[2026-09-11 20:23:31] [INFO] 识别到有效的 v2ray 订阅
[2026-09-11 20:23:31] [INFO] ProxyPool：获取 clash, v2ray
[2026-09-11 20:23:32] [INFO] 已更新：clash.yml, v2ray.txt
